PassengerId,Sex,Pclass,Age,Fare,Embarked_C,Embarked_Q,Embarked_S
3,0,1,20,7.25,1.0,0.0,0.0
4,0,1,20,7.25,0.0,1.0,0.0
5,0,1,20,7.25,0.0,0.0,1.0
6,0,1,20,7.25,1.0,0.0,0.0
9,0,1,20,7.25,0.0,1.0,0.0
