Survived	Pclass	Sex	SibSp	Parch
0	3	male	1	0
1	1	female	1	0
1	3	female	0	0
1	1	female	1	0
0	3	male	0	0
0	3	male	0	0
