PassengerId,Survived,Pclass,Name,Sex,Age,SibSp,Parch,Ticket,Fare,Cabin,Embarked
1,0,3,"Braund, Mr. Owen Harris",male,22,1,0,A/5 21171,7.25,C85,S
2,0,3,"Braund, Mr. Owen Harris",male,20,1,0,A/5 21171,7.25,C85,S
3,0,3,"Braund, Mr. Owen Harris",male,26,1,0,A/5 21171,7.25,C85,S
4,0,3,"Braund, Mr. Owen Harris",male,20,1,0,A/5 21171,7.25,C85,S
5,0,3,"Braund, Mr. Owen Harris",male,35,1,0,A/5 21171,7.25,C85,S
6,0,3,"Braund, Mr. Owen Harris",male,20,1,0,A/5 21171,7.25,C85,S
