PassengerId,Sex,Pclass,Age,Fare,Embarked_C,Embarked_Q,Embarked_S,Survived
1,0,3,22.0,7.25,0.0,0.0,1.0,0
2,1,1,38.0,71.2833,1.0,0.0,0.0,1
3,1,3,26.0,7.925,0.0,0.0,1.0,1
4,1,1,35.0,53.1,0.0,0.0,1.0,0
5,0,3,35.0,8.05,0.0,0.0,1.0,0
6,0,3,10.0,8.4583,0.0,1.0,0.0,0
