PassengerId,Sex,Pclass,Age,Fare,Embarked_S
3,0,1,20,7.25,1.0
4,1,1,20,7.25,1.0
5,0,1,20,7.25,1.0
6,0,1,20,7.25,1.0
9,1,1,20,7.25,1.0
