PassengerId,Survived,Pclass,Name,Sex,Age,SibSp,Parch,Ticket,Fare,Cabin,Embarked
3,0,1,"Braund, Mr. Owen Harris",male,0,1,0,A/5 21171,7.25,C85,S
4,0,1,"Braund, Mr. Owen Harris",male,50,1,0,A/5 21171,7.25,C85,S
5,0,1,"Braund, Mr. Owen Harris",male,129,1,0,A/5 21171,7.25,C85,S
6,0,1,"Braund, Mr. Owen Harris",male,130,1,0,A/5 21171,7.25,C85,S
9,0,1,"Braund, Mr. Owen Harris",male,10,1,0,A/5 21171,7.25,C85,S
