PassengerId,Survived,Pclass,Name,Sex,Age,SibSp,Parch,Ticket,Fare,Cabin,Embarked
2,0,1,"Braund, Mr. Owen Harris",male,22,1,0,A/5 21171,7.25,C85,S
4,0,1,"Braund, Mr. Owen Harris",female,22,1,0,A/5 21171,7.25,C85,S
