PassengerId,Survived,Pclass,Name,Sex,Age,SibSp,Parch,Ticket,Fare,Cabin,Embarked
1,0,1,"Braund, Mr. Owen Harris",male,22,1,0,A/5 21171,7.25,C85,C
3,0,1,"Braund, Mr. Owen Harris",male,22,1,0,A/5 21171,7.25,C85,Q
5,0,1,"Braund, Mr. Owen Harris",male,22,1,0,A/5 21171,7.25,C85,S
